===PLEASE REVIEW THE GENERATED POLICY AND REMOVE THIS LINE BEFORE APPLYING IT===
apiVersion: security.istio.io/v1beta1
kind: AuthorizationPolicy
metadata:
  name: default-deny-all
  namespace: default
spec:
  {}
---
apiVersion: security.istio.io/v1beta1
kind: AuthorizationPolicy
metadata:
  name: ns2-deny-all
  namespace: ns2
spec:
  {}
---