===PLEASE REVIEW THE GENERATED POLICY AND REMOVE THIS LINE BEFORE APPLYING IT===
apiVersion: security.istio.io/v1beta1
kind: AuthorizationPolicy
metadata:
  name: service-wildcard-rule0-target0
  namespace: default
spec:
  rules:
  - from:
    - source:
        namespaces:
        - istio-system
    - source:
        namespaces:
        - default
        principals:
        - Coldplay
    to:
    - operation:
        methods:
        - GET
  selector:
    matchLabels: {}
---
apiVersion: security.istio.io/v1beta1
kind: AuthorizationPolicy
metadata:
  name: service-productpage-rule1-target0
  namespace: default
spec:
  rules:
  - from:
    - source:
        namespaces:
        - istio-system
    - source:
        namespaces:
        - default
        principals:
        - Coldplay
    to:
    - operation:
        methods:
        - POST
  selector:
    matchLabels:
      app: productpage
---
apiVersion: security.istio.io/v1beta1
kind: AuthorizationPolicy
metadata:
  name: service-reviews-rule1-target0
  namespace: default
spec:
  rules:
  - from:
    - source:
        namespaces:
        - istio-system
    - source:
        namespaces:
        - default
        principals:
        - Coldplay
    to:
    - operation:
        methods:
        - POST
  selector:
    matchLabels:
      app: reviews
---
