===PLEASE REVIEW THE GENERATED POLICY AND REMOVE THIS LINE BEFORE APPLYING IT===
apiVersion: security.istio.io/v1beta1
kind: AuthorizationPolicy
metadata:
  name: global-deny-all
  namespace: my-root-namespace
spec:
  {}
---
